// Jest Snapshot v1, https://goo.gl/fbAQLP

exports[`Component renders correctly 1`] = `
<div
  class="track-header-panel"
>
  <div
    class="color-label"
    style="background-color: rgb(45, 43, 67);"
  />
   
  <div
    class="panel-content"
    style="background-color: rgb(35, 36, 39);"
  >
    <v-card-title-stub>
      <h3
        style="color: white;"
      >
        
        3. Track
      
      </h3>
    </v-card-title-stub>
     
    <v-card-actions-stub>
      <v-layout-stub
        row=""
        tag="div"
      >
        <v-spacer-stub />
         
        <icon-btn-with-tip-stub
          color="rgb(35,36,39)"
          icon="fa-cog"
          tip="Tack setting"
        />
      </v-layout-stub>
    </v-card-actions-stub>
  </div>
</div>
`;
