// Jest Snapshot v1, https://goo.gl/fbAQLP

exports[`Component renders correctly 1`] = `
<v-tooltip-stub
  bottom="true"
  closedelay="200"
  contentclass=""
  debounce="0"
  fixed="true"
  maxwidth="auto"
  nudgebottom="0"
  nudgeleft="0"
  nudgeright="0"
  nudgetop="0"
  nudgewidth="0"
  opendelay="200"
  tag="span"
>
   
  <span>
    hello world
  </span>
</v-tooltip-stub>
`;
